10:41:51:309  INFO 23144 --- [cart-service] [main] c.alibaba.nacos.client.utils.ParamUtil   : [settings] [req-serv] nacos-server port:8848
10:41:51:312  INFO 23144 --- [cart-service] [Thread-2] c.a.n.c.a.r.identify.CredentialWatcher   : null No credential found
10:41:51:315  INFO 23144 --- [cart-service] [main] c.alibaba.nacos.client.utils.ParamUtil   : [settings] [http-client] connect timeout:1000
10:41:51:317  INFO 23144 --- [cart-service] [main] c.alibaba.nacos.client.utils.ParamUtil   : PER_TASK_CONFIG_SIZE: 3000.0
10:41:51:340  INFO 23144 --- [cart-service] [main] com.alibaba.nacos.common.labels          : DefaultLabelsCollectorManager get labels.....
10:41:51:341  INFO 23144 --- [cart-service] [main] com.alibaba.nacos.common.labels          : Process LabelsCollector with [name:defaultNacosLabelsCollector]
10:41:51:341  INFO 23144 --- [cart-service] [main] com.alibaba.nacos.common.labels          : default nacos collect properties raw labels: null
10:41:51:341  INFO 23144 --- [cart-service] [main] com.alibaba.nacos.common.labels          : default nacos collect properties labels: {}
10:41:51:341  INFO 23144 --- [cart-service] [main] com.alibaba.nacos.common.labels          : default nacos collect jvm raw labels: null
10:41:51:341  INFO 23144 --- [cart-service] [main] com.alibaba.nacos.common.labels          : default nacos collect jvm labels: {}
10:41:51:341  INFO 23144 --- [cart-service] [main] com.alibaba.nacos.common.labels          : default nacos collect env raw labels: null
10:41:51:341  INFO 23144 --- [cart-service] [main] com.alibaba.nacos.common.labels          : default nacos collect env labels: {}
10:41:51:341  INFO 23144 --- [cart-service] [main] com.alibaba.nacos.common.labels          : DefaultLabelsCollectorManager get labels finished,labels :{}
10:41:51:347  INFO 23144 --- [cart-service] [main] c.a.n.p.a.s.c.ClientAuthPluginManager    : [ClientAuthPluginManager] Load ClientAuthService com.alibaba.nacos.client.auth.impl.NacosClientAuthServiceImpl success.
10:41:51:347  INFO 23144 --- [cart-service] [main] c.a.n.p.a.s.c.ClientAuthPluginManager    : [ClientAuthPluginManager] Load ClientAuthService com.alibaba.nacos.client.auth.ram.RamClientAuthServiceImpl success.
10:41:51:351  INFO 23144 --- [cart-service] [main] c.a.n.c.c.impl.LocalConfigInfoProcessor  : LOCAL_SNAPSHOT_PATH:C:\Users\14416\nacos\config
10:41:51:354  INFO 23144 --- [cart-service] [main] com.alibaba.nacos.common.remote.client   : [RpcClientFactory] create a new rpc client of 15dd85c3-89ef-4c84-9bb4-e743efa8f492_config-0
10:41:51:369  INFO 23144 --- [cart-service] [main] com.alibaba.nacos.common.remote.client   : [15dd85c3-89ef-4c84-9bb4-e743efa8f492_config-0] Register server push request handler:com.alibaba.nacos.client.config.impl.ClientWorker$ConfigRpcTransportClient$$Lambda/0x000001ff8138f400
10:41:51:370  INFO 23144 --- [cart-service] [main] com.alibaba.nacos.common.remote.client   : [15dd85c3-89ef-4c84-9bb4-e743efa8f492_config-0] Register server push request handler:com.alibaba.nacos.client.config.impl.ClientWorker$ConfigRpcTransportClient$$Lambda/0x000001ff8138f830
10:41:51:370  INFO 23144 --- [cart-service] [main] com.alibaba.nacos.common.remote.client   : [15dd85c3-89ef-4c84-9bb4-e743efa8f492_config-0] Registry connection listener to current client:com.alibaba.nacos.client.config.impl.ClientWorker$ConfigRpcTransportClient$1
10:41:51:370  INFO 23144 --- [cart-service] [main] com.alibaba.nacos.common.remote.client   : [15dd85c3-89ef-4c84-9bb4-e743efa8f492_config-0] RpcClient init, ServerListFactory = com.alibaba.nacos.client.config.impl.ClientWorker$ConfigRpcTransportClient$2
10:41:51:376  INFO 23144 --- [cart-service] [main] com.alibaba.nacos.common.remote.client   : [15dd85c3-89ef-4c84-9bb4-e743efa8f492_config-0] Try to connect to server on start up, server: {serverIp = 'localhost', server main port = 8848}
10:41:51:403  INFO 23144 --- [cart-service] [main] c.a.n.c.remote.client.grpc.GrpcClient    : grpc client connection server:localhost ip,serverPort:9848,grpcTslConfig:{"sslProvider":"","enableTls":false,"mutualAuthEnable":false,"trustAll":false}
10:41:51:874  INFO 23144 --- [cart-service] [main] c.a.n.c.a.AbstractAbilityControlManager  : Ready to get current node abilities...
10:41:51:876  INFO 23144 --- [cart-service] [main] c.a.n.c.a.AbstractAbilityControlManager  : Ready to initialize current node abilities, support modes: [SDK_CLIENT]
10:41:51:876  INFO 23144 --- [cart-service] [main] c.a.n.c.a.AbstractAbilityControlManager  : Initialize current abilities finish...
10:41:51:876  INFO 23144 --- [cart-service] [main] c.a.n.c.a.d.NacosAbilityManagerHolder    : [AbilityControlManager] Successfully initialize AbilityControlManager
10:41:51:892  INFO 23144 --- [cart-service] [main] com.alibaba.nacos.common.remote.client   : [15dd85c3-89ef-4c84-9bb4-e743efa8f492_config-0] Success to connect to server [localhost:8848] on start up, connectionId = 1780713711797_172.19.0.1_49488
10:41:51:893  INFO 23144 --- [cart-service] [com.alibaba.nacos.client.remote.worker.0] com.alibaba.nacos.common.remote.client   : [15dd85c3-89ef-4c84-9bb4-e743efa8f492_config-0] Notify connected event to listeners.
10:41:51:893  INFO 23144 --- [cart-service] [main] com.alibaba.nacos.common.remote.client   : [15dd85c3-89ef-4c84-9bb4-e743efa8f492_config-0] Register server push request handler:com.alibaba.nacos.common.remote.client.RpcClient$ConnectResetRequestHandler
10:41:51:893  INFO 23144 --- [cart-service] [com.alibaba.nacos.client.remote.worker.0] c.a.n.client.config.impl.ClientWorker    : [15dd85c3-89ef-4c84-9bb4-e743efa8f492_config-0] Connected,notify listen context...
10:41:51:893  INFO 23144 --- [cart-service] [main] com.alibaba.nacos.common.remote.client   : [15dd85c3-89ef-4c84-9bb4-e743efa8f492_config-0] Register server push request handler:com.alibaba.nacos.common.remote.client.RpcClient$$Lambda/0x000001ff81522228
10:41:51:934  INFO 23144 --- [cart-service] [main] c.a.nacos.client.config.impl.Limiter     : limitTime:5.0
10:41:51:953  WARN 23144 --- [cart-service] [main] c.a.c.n.c.NacosPropertySourceBuilder     : Ignore the empty nacos configuration and get it based on dataId[cart-service] & group[DEFAULT_GROUP]
10:41:51:960  WARN 23144 --- [cart-service] [main] c.a.c.n.c.NacosPropertySourceBuilder     : Ignore the empty nacos configuration and get it based on dataId[cart-service.yaml] & group[DEFAULT_GROUP]
10:41:51:968  WARN 23144 --- [cart-service] [main] c.a.c.n.c.NacosPropertySourceBuilder     : Ignore the empty nacos configuration and get it based on dataId[cart-service-local.yaml] & group[DEFAULT_GROUP]
10:41:51:969  INFO 23144 --- [cart-service] [main] b.c.PropertySourceBootstrapConfiguration : Located property source: [BootstrapPropertySource {name='bootstrapProperties-cart-service-local.yaml,DEFAULT_GROUP'}, BootstrapPropertySource {name='bootstrapProperties-cart-service.yaml,DEFAULT_GROUP'}, BootstrapPropertySource {name='bootstrapProperties-cart-service,DEFAULT_GROUP'}]
10:41:51:980  INFO 23144 --- [cart-service] [main] com.digital.mall.cart.CartApplication    : The following 1 profile is active: "local"
10:41:52:923  INFO 23144 --- [cart-service] [main] .s.d.r.c.RepositoryConfigurationDelegate : Multiple Spring Data modules found, entering strict repository configuration mode
10:41:52:924  INFO 23144 --- [cart-service] [main] .s.d.r.c.RepositoryConfigurationDelegate : Bootstrapping Spring Data Redis repositories in DEFAULT mode.
10:41:52:941  INFO 23144 --- [cart-service] [main] .s.d.r.c.RepositoryConfigurationDelegate : Finished Spring Data repository scanning in 6 ms. Found 0 Redis repository interfaces.
10:41:53:160  INFO 23144 --- [cart-service] [main] o.s.cloud.context.scope.GenericScope     : BeanFactory id=f3c0ec61-4f5a-3a3f-8436-3ce08217a22a
10:41:53:461  WARN 23144 --- [cart-service] [main] trationDelegate$BeanPostProcessorChecker : Bean 'org.springframework.cloud.client.loadbalancer.LoadBalancerAutoConfiguration$DeferringLoadBalancerInterceptorConfig' of type [org.springframework.cloud.client.loadbalancer.LoadBalancerAutoConfiguration$DeferringLoadBalancerInterceptorConfig] is not eligible for getting processed by all BeanPostProcessors (for example: not eligible for auto-proxying). The currently created BeanPostProcessor [lbRestClientPostProcessor] is declared through a non-static factory method on that class; consider declaring it as static instead.
10:41:53:463  WARN 23144 --- [cart-service] [main] trationDelegate$BeanPostProcessorChecker : Bean 'deferringLoadBalancerInterceptor' of type [org.springframework.cloud.client.loadbalancer.DeferringLoadBalancerInterceptor] is not eligible for getting processed by all BeanPostProcessors (for example: not eligible for auto-proxying). Is this bean getting eagerly injected into a currently created BeanPostProcessor [lbRestClientPostProcessor]? Check the corresponding BeanPostProcessor declaration and its dependencies.
10:41:53:632  INFO 23144 --- [cart-service] [main] o.s.b.w.embedded.tomcat.TomcatWebServer  : Tomcat initialized with port 8082 (http)
10:41:53:646  INFO 23144 --- [cart-service] [main] o.apache.catalina.core.StandardService   : Starting service [Tomcat]
10:41:53:646  INFO 23144 --- [cart-service] [main] o.apache.catalina.core.StandardEngine    : Starting Servlet engine: [Apache Tomcat/10.1.26]
10:41:53:712  INFO 23144 --- [cart-service] [main] o.a.c.c.C.[Tomcat].[localhost].[/]       : Initializing Spring embedded WebApplicationContext
10:41:53:712  INFO 23144 --- [cart-service] [main] w.s.c.ServletWebServerApplicationContext : Root WebApplicationContext: initialization completed in 1705 ms
10:41:54:038  INFO 23144 --- [cart-service] [main] o.s.c.openfeign.FeignClientFactoryBean   : For 'item-service' URL not provided. Will try picking an instance via load-balancing.
10:41:54:870  INFO 23144 --- [cart-service] [main] org.redisson.Version                     : Redisson 3.27.0
10:41:55:158  INFO 23144 --- [cart-service] [redisson-netty-1-5] o.redisson.connection.ConnectionsHolder  : 1 connections initialized for localhost/127.0.0.1:6379
10:41:55:212  INFO 23144 --- [cart-service] [redisson-netty-1-20] o.redisson.connection.ConnectionsHolder  : 24 connections initialized for localhost/127.0.0.1:6379
10:41:55:972  INFO 23144 --- [cart-service] [main] o.s.b.a.e.web.EndpointLinksResolver      : Exposing 1 endpoint(s) beneath base path '/actuator'
10:41:56:092  INFO 23144 --- [cart-service] [main] o.s.b.w.embedded.tomcat.TomcatWebServer  : Tomcat started on port 8082 (http) with context path ''
10:41:56:098  INFO 23144 --- [cart-service] [main] com.alibaba.nacos.client.naming          : initializer namespace from ans.namespace attribute : null
10:41:56:098  INFO 23144 --- [cart-service] [main] com.alibaba.nacos.client.naming          : initializer namespace from ALIBABA_ALIWARE_NAMESPACE attribute :null
10:41:56:098  INFO 23144 --- [cart-service] [main] com.alibaba.nacos.client.naming          : initializer namespace from namespace attribute :null
10:41:56:104  INFO 23144 --- [cart-service] [main] com.alibaba.nacos.client.naming          : FailoverDataSource type is class com.alibaba.nacos.client.naming.backups.datasource.DiskFailoverDataSource
10:41:56:107  INFO 23144 --- [cart-service] [main] c.a.n.p.a.s.c.ClientAuthPluginManager    : [ClientAuthPluginManager] Load ClientAuthService com.alibaba.nacos.client.auth.impl.NacosClientAuthServiceImpl success.
10:41:56:107  INFO 23144 --- [cart-service] [main] c.a.n.p.a.s.c.ClientAuthPluginManager    : [ClientAuthPluginManager] Load ClientAuthService com.alibaba.nacos.client.auth.ram.RamClientAuthServiceImpl success.
10:41:56:110  INFO 23144 --- [cart-service] [main] com.alibaba.nacos.common.remote.client   : [RpcClientFactory] create a new rpc client of 74566fb7-3d08-4171-8025-30ce23f7fb2a
10:41:56:112  INFO 23144 --- [cart-service] [main] com.alibaba.nacos.client.naming          : Create naming rpc client for uuid->74566fb7-3d08-4171-8025-30ce23f7fb2a
10:41:56:112  INFO 23144 --- [cart-service] [main] com.alibaba.nacos.common.remote.client   : [74566fb7-3d08-4171-8025-30ce23f7fb2a] RpcClient init, ServerListFactory = com.alibaba.nacos.client.naming.core.ServerListManager
10:41:56:112  INFO 23144 --- [cart-service] [main] com.alibaba.nacos.common.remote.client   : [74566fb7-3d08-4171-8025-30ce23f7fb2a] Registry connection listener to current client:com.alibaba.nacos.client.naming.remote.gprc.redo.NamingGrpcRedoService
10:41:56:112  INFO 23144 --- [cart-service] [main] com.alibaba.nacos.common.remote.client   : [74566fb7-3d08-4171-8025-30ce23f7fb2a] Register server push request handler:com.alibaba.nacos.client.naming.remote.gprc.NamingPushRequestHandler
10:41:56:114  INFO 23144 --- [cart-service] [main] com.alibaba.nacos.common.remote.client   : [74566fb7-3d08-4171-8025-30ce23f7fb2a] Try to connect to server on start up, server: {serverIp = 'localhost', server main port = 8848}
10:41:56:114  INFO 23144 --- [cart-service] [main] c.a.n.c.remote.client.grpc.GrpcClient    : grpc client connection server:localhost ip,serverPort:9848,grpcTslConfig:{"sslProvider":"","enableTls":false,"mutualAuthEnable":false,"trustAll":false}
10:41:56:136  INFO 23144 --- [cart-service] [main] com.alibaba.nacos.common.remote.client   : [74566fb7-3d08-4171-8025-30ce23f7fb2a] Success to connect to server [localhost:8848] on start up, connectionId = 1780713716121_172.19.0.1_49502
10:41:56:136  INFO 23144 --- [cart-service] [main] com.alibaba.nacos.common.remote.client   : [74566fb7-3d08-4171-8025-30ce23f7fb2a] Register server push request handler:com.alibaba.nacos.common.remote.client.RpcClient$ConnectResetRequestHandler
10:41:56:136  INFO 23144 --- [cart-service] [main] com.alibaba.nacos.common.remote.client   : [74566fb7-3d08-4171-8025-30ce23f7fb2a] Register server push request handler:com.alibaba.nacos.common.remote.client.RpcClient$$Lambda/0x000001ff81522228
10:41:56:136  INFO 23144 --- [cart-service] [com.alibaba.nacos.client.remote.worker.0] com.alibaba.nacos.common.remote.client   : [74566fb7-3d08-4171-8025-30ce23f7fb2a] Notify connected event to listeners.
10:41:56:136  INFO 23144 --- [cart-service] [com.alibaba.nacos.client.remote.worker.0] com.alibaba.nacos.client.naming          : Grpc connection connect
10:41:56:136  INFO 23144 --- [cart-service] [main] com.alibaba.nacos.client.naming          : [REGISTER-SERVICE] public registering service cart-service with instance Instance{instanceId='null', ip='100.2.20.214', port=8082, weight=1.0, healthy=true, enabled=true, ephemeral=true, clusterName='', serviceName='null', metadata={IPv6=null, preserved.register.source=SPRING_CLOUD}}
10:41:56:171  INFO 23144 --- [cart-service] [main] c.a.c.n.registry.NacosServiceRegistry    : nacos registry, DEFAULT_GROUP cart-service 100.2.20.214:8082 register finished
10:41:56:186  INFO 23144 --- [cart-service] [main] com.digital.mall.cart.CartApplication    : Started CartApplication in 5.692 seconds (process running for 6.174)
10:41:56:195  INFO 23144 --- [cart-service] [main] c.a.nacos.client.config.impl.CacheData   : config listener notify warn timeout millis use default 60000 millis 
10:41:56:195  INFO 23144 --- [cart-service] [main] c.a.nacos.client.config.impl.CacheData   : nacos.cache.data.init.snapshot = true 
10:41:56:195  INFO 23144 --- [cart-service] [main] c.a.n.client.config.impl.ClientWorker    : [fixed-localhost_8848] [subscribe] cart-service+DEFAULT_GROUP
10:41:56:206  INFO 23144 --- [cart-service] [main] c.a.nacos.client.config.impl.CacheData   : [fixed-localhost_8848] [add-listener] ok, tenant=, dataId=cart-service, group=DEFAULT_GROUP, cnt=1
10:41:56:206  INFO 23144 --- [cart-service] [main] c.a.c.n.refresh.NacosContextRefresher    : [Nacos Config] Listening config: dataId=cart-service, group=DEFAULT_GROUP
10:41:56:207  INFO 23144 --- [cart-service] [main] c.a.n.client.config.impl.ClientWorker    : [fixed-localhost_8848] [subscribe] cart-service.yaml+DEFAULT_GROUP
10:41:56:207  INFO 23144 --- [cart-service] [main] c.a.nacos.client.config.impl.CacheData   : [fixed-localhost_8848] [add-listener] ok, tenant=, dataId=cart-service.yaml, group=DEFAULT_GROUP, cnt=1
10:41:56:207  INFO 23144 --- [cart-service] [main] c.a.c.n.refresh.NacosContextRefresher    : [Nacos Config] Listening config: dataId=cart-service.yaml, group=DEFAULT_GROUP
10:41:56:207  INFO 23144 --- [cart-service] [main] c.a.n.client.config.impl.ClientWorker    : [fixed-localhost_8848] [subscribe] cart-service-local.yaml+DEFAULT_GROUP
10:41:56:207  INFO 23144 --- [cart-service] [main] c.a.nacos.client.config.impl.CacheData   : [fixed-localhost_8848] [add-listener] ok, tenant=, dataId=cart-service-local.yaml, group=DEFAULT_GROUP, cnt=1
10:41:56:207  INFO 23144 --- [cart-service] [main] c.a.c.n.refresh.NacosContextRefresher    : [Nacos Config] Listening config: dataId=cart-service-local.yaml, group=DEFAULT_GROUP
10:41:56:407  INFO 23144 --- [cart-service] [RMI TCP Connection(4)-100.2.20.214] o.s.a.r.c.CachingConnectionFactory       : Attempting to connect to: [localhost:5672]
10:41:56:408  INFO 23144 --- [cart-service] [RMI TCP Connection(3)-100.2.20.214] o.a.c.c.C.[Tomcat].[localhost].[/]       : Initializing Spring DispatcherServlet 'dispatcherServlet'
10:41:56:408  INFO 23144 --- [cart-service] [RMI TCP Connection(3)-100.2.20.214] o.s.web.servlet.DispatcherServlet        : Initializing Servlet 'dispatcherServlet'
10:41:56:409  INFO 23144 --- [cart-service] [RMI TCP Connection(3)-100.2.20.214] o.s.web.servlet.DispatcherServlet        : Completed initialization in 1 ms
10:41:56:472  INFO 23144 --- [cart-service] [RMI TCP Connection(4)-100.2.20.214] o.s.a.r.c.CachingConnectionFactory       : Created new connection: rabbitConnectionFactory#2806fe58:0/SimpleConnection@46e3d119 [delegate=amqp://guest@127.0.0.1:5672/, localPort=49255]
10:41:56:508  INFO 23144 --- [cart-service] [RMI TCP Connection(4)-100.2.20.214] com.zaxxer.hikari.HikariDataSource       : HikariPool-1 - Starting...
10:41:56:661  INFO 23144 --- [cart-service] [RMI TCP Connection(4)-100.2.20.214] com.zaxxer.hikari.pool.HikariPool        : HikariPool-1 - Added connection org.postgresql.jdbc.PgConnection@23ee4ae
10:41:56:664  INFO 23144 --- [cart-service] [RMI TCP Connection(4)-100.2.20.214] com.zaxxer.hikari.HikariDataSource       : HikariPool-1 - Start completed.
10:42:02:640  INFO 23144 --- [cart-service] [http-nio-8082-exec-1] c.d.m.c.interceptor.UserinfoInterceptor  : [UserinfoInterceptor] request=/ user-info=null
10:42:02:648 ERROR 23144 --- [cart-service] [http-nio-8082-exec-1] c.d.m.c.advice.CommonExceptionAdvice     : 未预期异常

org.springframework.web.servlet.resource.NoResourceFoundException: No static resource .
	at org.springframework.web.servlet.resource.ResourceHttpRequestHandler.handleRequest(ResourceHttpRequestHandler.java:585) ~[spring-webmvc-6.1.11.jar:6.1.11]
	at org.springframework.web.servlet.mvc.HttpRequestHandlerAdapter.handle(HttpRequestHandlerAdapter.java:52) ~[spring-webmvc-6.1.11.jar:6.1.11]
	at org.springframework.web.servlet.DispatcherServlet.doDispatch(DispatcherServlet.java:1089) ~[spring-webmvc-6.1.11.jar:6.1.11]
	at org.springframework.web.servlet.DispatcherServlet.doService(DispatcherServlet.java:979) ~[spring-webmvc-6.1.11.jar:6.1.11]
	at org.springframework.web.servlet.FrameworkServlet.processRequest(FrameworkServlet.java:1014) ~[spring-webmvc-6.1.11.jar:6.1.11]
	at org.springframework.web.servlet.FrameworkServlet.doGet(FrameworkServlet.java:903) ~[spring-webmvc-6.1.11.jar:6.1.11]
	at jakarta.servlet.http.HttpServlet.service(HttpServlet.java:564) ~[tomcat-embed-core-10.1.26.jar:10.1.26]
	at org.springframework.web.servlet.FrameworkServlet.service(FrameworkServlet.java:885) ~[spring-webmvc-6.1.11.jar:6.1.11]
	at jakarta.servlet.http.HttpServlet.service(HttpServlet.java:658) ~[tomcat-embed-core-10.1.26.jar:10.1.26]
	at org.apache.catalina.core.ApplicationFilterChain.internalDoFilter(ApplicationFilterChain.java:195) ~[tomcat-embed-core-10.1.26.jar:10.1.26]
	at org.apache.catalina.core.ApplicationFilterChain.doFilter(ApplicationFilterChain.java:140) ~[tomcat-embed-core-10.1.26.jar:10.1.26]
	at org.apache.tomcat.websocket.server.WsFilter.doFilter(WsFilter.java:51) ~[tomcat-embed-websocket-10.1.26.jar:10.1.26]
	at org.apache.catalina.core.ApplicationFilterChain.internalDoFilter(ApplicationFilterChain.java:164) ~[tomcat-embed-core-10.1.26.jar:10.1.26]
	at org.apache.catalina.core.ApplicationFilterChain.doFilter(ApplicationFilterChain.java:140) ~[tomcat-embed-core-10.1.26.jar:10.1.26]
	at org.springframework.web.filter.RequestContextFilter.doFilterInternal(RequestContextFilter.java:100) ~[spring-web-6.1.11.jar:6.1.11]
	at org.springframework.web.filter.OncePerRequestFilter.doFilter(OncePerRequestFilter.java:116) ~[spring-web-6.1.11.jar:6.1.11]
	at org.apache.catalina.core.ApplicationFilterChain.internalDoFilter(ApplicationFilterChain.java:164) ~[tomcat-embed-core-10.1.26.jar:10.1.26]
	at org.apache.catalina.core.ApplicationFilterChain.doFilter(ApplicationFilterChain.java:140) ~[tomcat-embed-core-10.1.26.jar:10.1.26]
	at org.springframework.web.filter.FormContentFilter.doFilterInternal(FormContentFilter.java:93) ~[spring-web-6.1.11.jar:6.1.11]
	at org.springframework.web.filter.OncePerRequestFilter.doFilter(OncePerRequestFilter.java:116) ~[spring-web-6.1.11.jar:6.1.11]
	at org.apache.catalina.core.ApplicationFilterChain.internalDoFilter(ApplicationFilterChain.java:164) ~[tomcat-embed-core-10.1.26.jar:10.1.26]
	at org.apache.catalina.core.ApplicationFilterChain.doFilter(ApplicationFilterChain.java:140) ~[tomcat-embed-core-10.1.26.jar:10.1.26]
	at org.springframework.web.filter.ServerHttpObservationFilter.doFilterInternal(ServerHttpObservationFilter.java:113) ~[spring-web-6.1.11.jar:6.1.11]
	at org.springframework.web.filter.OncePerRequestFilter.doFilter(OncePerRequestFilter.java:116) ~[spring-web-6.1.11.jar:6.1.11]
	at org.apache.catalina.core.ApplicationFilterChain.internalDoFilter(ApplicationFilterChain.java:164) ~[tomcat-embed-core-10.1.26.jar:10.1.26]
	at org.apache.catalina.core.ApplicationFilterChain.doFilter(ApplicationFilterChain.java:140) ~[tomcat-embed-core-10.1.26.jar:10.1.26]
	at org.springframework.web.filter.CharacterEncodingFilter.doFilterInternal(CharacterEncodingFilter.java:201) ~[spring-web-6.1.11.jar:6.1.11]
	at org.springframework.web.filter.OncePerRequestFilter.doFilter(OncePerRequestFilter.java:116) ~[spring-web-6.1.11.jar:6.1.11]
	at org.apache.catalina.core.ApplicationFilterChain.internalDoFilter(ApplicationFilterChain.java:164) ~[tomcat-embed-core-10.1.26.jar:10.1.26]
	at org.apache.catalina.core.ApplicationFilterChain.doFilter(ApplicationFilterChain.java:140) ~[tomcat-embed-core-10.1.26.jar:10.1.26]
	at org.apache.catalina.core.StandardWrapperValve.invoke(StandardWrapperValve.java:167) ~[tomcat-embed-core-10.1.26.jar:10.1.26]
	at org.apache.catalina.core.StandardContextValve.invoke(StandardContextValve.java:90) ~[tomcat-embed-core-10.1.26.jar:10.1.26]
	at org.apache.catalina.authenticator.AuthenticatorBase.invoke(AuthenticatorBase.java:483) ~[tomcat-embed-core-10.1.26.jar:10.1.26]
	at org.apache.catalina.core.StandardHostValve.invoke(StandardHostValve.java:115) ~[tomcat-embed-core-10.1.26.jar:10.1.26]
	at org.apache.catalina.valves.ErrorReportValve.invoke(ErrorReportValve.java:93) ~[tomcat-embed-core-10.1.26.jar:10.1.26]
	at org.apache.catalina.core.StandardEngineValve.invoke(StandardEngineValve.java:74) ~[tomcat-embed-core-10.1.26.jar:10.1.26]
	at org.apache.catalina.connector.CoyoteAdapter.service(CoyoteAdapter.java:344) ~[tomcat-embed-core-10.1.26.jar:10.1.26]
	at org.apache.coyote.http11.Http11Processor.service(Http11Processor.java:389) ~[tomcat-embed-core-10.1.26.jar:10.1.26]
	at org.apache.coyote.AbstractProcessorLight.process(AbstractProcessorLight.java:63) ~[tomcat-embed-core-10.1.26.jar:10.1.26]
	at org.apache.coyote.AbstractProtocol$ConnectionHandler.process(AbstractProtocol.java:904) ~[tomcat-embed-core-10.1.26.jar:10.1.26]
	at org.apache.tomcat.util.net.NioEndpoint$SocketProcessor.doRun(NioEndpoint.java:1741) ~[tomcat-embed-core-10.1.26.jar:10.1.26]
	at org.apache.tomcat.util.net.SocketProcessorBase.run(SocketProcessorBase.java:52) ~[tomcat-embed-core-10.1.26.jar:10.1.26]
	at org.apache.tomcat.util.threads.ThreadPoolExecutor.runWorker(ThreadPoolExecutor.java:1190) ~[tomcat-embed-core-10.1.26.jar:10.1.26]
	at org.apache.tomcat.util.threads.ThreadPoolExecutor$Worker.run(ThreadPoolExecutor.java:659) ~[tomcat-embed-core-10.1.26.jar:10.1.26]
	at org.apache.tomcat.util.threads.TaskThread$WrappingRunnable.run(TaskThread.java:63) ~[tomcat-embed-core-10.1.26.jar:10.1.26]
	at java.base/java.lang.Thread.run(Thread.java:1583) ~[na:na]

10:42:02:707  INFO 23144 --- [cart-service] [http-nio-8082-exec-5] c.d.m.c.interceptor.UserinfoInterceptor  : [UserinfoInterceptor] request=/favicon.ico user-info=null
10:42:02:708 ERROR 23144 --- [cart-service] [http-nio-8082-exec-5] c.d.m.c.advice.CommonExceptionAdvice     : 未预期异常

org.springframework.web.servlet.resource.NoResourceFoundException: No static resource favicon.ico.
	at org.springframework.web.servlet.resource.ResourceHttpRequestHandler.handleRequest(ResourceHttpRequestHandler.java:585) ~[spring-webmvc-6.1.11.jar:6.1.11]
	at org.springframework.web.servlet.mvc.HttpRequestHandlerAdapter.handle(HttpRequestHandlerAdapter.java:52) ~[spring-webmvc-6.1.11.jar:6.1.11]
	at org.springframework.web.servlet.DispatcherServlet.doDispatch(DispatcherServlet.java:1089) ~[spring-webmvc-6.1.11.jar:6.1.11]
	at org.springframework.web.servlet.DispatcherServlet.doService(DispatcherServlet.java:979) ~[spring-webmvc-6.1.11.jar:6.1.11]
	at org.springframework.web.servlet.FrameworkServlet.processRequest(FrameworkServlet.java:1014) ~[spring-webmvc-6.1.11.jar:6.1.11]
	at org.springframework.web.servlet.FrameworkServlet.doGet(FrameworkServlet.java:903) ~[spring-webmvc-6.1.11.jar:6.1.11]
	at jakarta.servlet.http.HttpServlet.service(HttpServlet.java:564) ~[tomcat-embed-core-10.1.26.jar:10.1.26]
	at org.springframework.web.servlet.FrameworkServlet.service(FrameworkServlet.java:885) ~[spring-webmvc-6.1.11.jar:6.1.11]
	at jakarta.servlet.http.HttpServlet.service(HttpServlet.java:658) ~[tomcat-embed-core-10.1.26.jar:10.1.26]
	at org.apache.catalina.core.ApplicationFilterChain.internalDoFilter(ApplicationFilterChain.java:195) ~[tomcat-embed-core-10.1.26.jar:10.1.26]
	at org.apache.catalina.core.ApplicationFilterChain.doFilter(ApplicationFilterChain.java:140) ~[tomcat-embed-core-10.1.26.jar:10.1.26]
	at org.apache.tomcat.websocket.server.WsFilter.doFilter(WsFilter.java:51) ~[tomcat-embed-websocket-10.1.26.jar:10.1.26]
	at org.apache.catalina.core.ApplicationFilterChain.internalDoFilter(ApplicationFilterChain.java:164) ~[tomcat-embed-core-10.1.26.jar:10.1.26]
	at org.apache.catalina.core.ApplicationFilterChain.doFilter(ApplicationFilterChain.java:140) ~[tomcat-embed-core-10.1.26.jar:10.1.26]
	at org.springframework.web.filter.RequestContextFilter.doFilterInternal(RequestContextFilter.java:100) ~[spring-web-6.1.11.jar:6.1.11]
	at org.springframework.web.filter.OncePerRequestFilter.doFilter(OncePerRequestFilter.java:116) ~[spring-web-6.1.11.jar:6.1.11]
	at org.apache.catalina.core.ApplicationFilterChain.internalDoFilter(ApplicationFilterChain.java:164) ~[tomcat-embed-core-10.1.26.jar:10.1.26]
	at org.apache.catalina.core.ApplicationFilterChain.doFilter(ApplicationFilterChain.java:140) ~[tomcat-embed-core-10.1.26.jar:10.1.26]
	at org.springframework.web.filter.FormContentFilter.doFilterInternal(FormContentFilter.java:93) ~[spring-web-6.1.11.jar:6.1.11]
	at org.springframework.web.filter.OncePerRequestFilter.doFilter(OncePerRequestFilter.java:116) ~[spring-web-6.1.11.jar:6.1.11]
	at org.apache.catalina.core.ApplicationFilterChain.internalDoFilter(ApplicationFilterChain.java:164) ~[tomcat-embed-core-10.1.26.jar:10.1.26]
	at org.apache.catalina.core.ApplicationFilterChain.doFilter(ApplicationFilterChain.java:140) ~[tomcat-embed-core-10.1.26.jar:10.1.26]
	at org.springframework.web.filter.ServerHttpObservationFilter.doFilterInternal(ServerHttpObservationFilter.java:113) ~[spring-web-6.1.11.jar:6.1.11]
	at org.springframework.web.filter.OncePerRequestFilter.doFilter(OncePerRequestFilter.java:116) ~[spring-web-6.1.11.jar:6.1.11]
	at org.apache.catalina.core.ApplicationFilterChain.internalDoFilter(ApplicationFilterChain.java:164) ~[tomcat-embed-core-10.1.26.jar:10.1.26]
	at org.apache.catalina.core.ApplicationFilterChain.doFilter(ApplicationFilterChain.java:140) ~[tomcat-embed-core-10.1.26.jar:10.1.26]
	at org.springframework.web.filter.CharacterEncodingFilter.doFilterInternal(CharacterEncodingFilter.java:201) ~[spring-web-6.1.11.jar:6.1.11]
	at org.springframework.web.filter.OncePerRequestFilter.doFilter(OncePerRequestFilter.java:116) ~[spring-web-6.1.11.jar:6.1.11]
	at org.apache.catalina.core.ApplicationFilterChain.internalDoFilter(ApplicationFilterChain.java:164) ~[tomcat-embed-core-10.1.26.jar:10.1.26]
	at org.apache.catalina.core.ApplicationFilterChain.doFilter(ApplicationFilterChain.java:140) ~[tomcat-embed-core-10.1.26.jar:10.1.26]
	at org.apache.catalina.core.StandardWrapperValve.invoke(StandardWrapperValve.java:167) ~[tomcat-embed-core-10.1.26.jar:10.1.26]
	at org.apache.catalina.core.StandardContextValve.invoke(StandardContextValve.java:90) ~[tomcat-embed-core-10.1.26.jar:10.1.26]
	at org.apache.catalina.authenticator.AuthenticatorBase.invoke(AuthenticatorBase.java:483) ~[tomcat-embed-core-10.1.26.jar:10.1.26]
	at org.apache.catalina.core.StandardHostValve.invoke(StandardHostValve.java:115) ~[tomcat-embed-core-10.1.26.jar:10.1.26]
	at org.apache.catalina.valves.ErrorReportValve.invoke(ErrorReportValve.java:93) ~[tomcat-embed-core-10.1.26.jar:10.1.26]
	at org.apache.catalina.core.StandardEngineValve.invoke(StandardEngineValve.java:74) ~[tomcat-embed-core-10.1.26.jar:10.1.26]
	at org.apache.catalina.connector.CoyoteAdapter.service(CoyoteAdapter.java:344) ~[tomcat-embed-core-10.1.26.jar:10.1.26]
	at org.apache.coyote.http11.Http11Processor.service(Http11Processor.java:389) ~[tomcat-embed-core-10.1.26.jar:10.1.26]
	at org.apache.coyote.AbstractProcessorLight.process(AbstractProcessorLight.java:63) ~[tomcat-embed-core-10.1.26.jar:10.1.26]
	at org.apache.coyote.AbstractProtocol$ConnectionHandler.process(AbstractProtocol.java:904) ~[tomcat-embed-core-10.1.26.jar:10.1.26]
	at org.apache.tomcat.util.net.NioEndpoint$SocketProcessor.doRun(NioEndpoint.java:1741) ~[tomcat-embed-core-10.1.26.jar:10.1.26]
	at org.apache.tomcat.util.net.SocketProcessorBase.run(SocketProcessorBase.java:52) ~[tomcat-embed-core-10.1.26.jar:10.1.26]
	at org.apache.tomcat.util.threads.ThreadPoolExecutor.runWorker(ThreadPoolExecutor.java:1190) ~[tomcat-embed-core-10.1.26.jar:10.1.26]
	at org.apache.tomcat.util.threads.ThreadPoolExecutor$Worker.run(ThreadPoolExecutor.java:659) ~[tomcat-embed-core-10.1.26.jar:10.1.26]
	at org.apache.tomcat.util.threads.TaskThread$WrappingRunnable.run(TaskThread.java:63) ~[tomcat-embed-core-10.1.26.jar:10.1.26]
	at java.base/java.lang.Thread.run(Thread.java:1583) ~[na:na]

10:42:10:076  INFO 23144 --- [cart-service] [http-nio-8082-exec-7] c.d.m.c.interceptor.UserinfoInterceptor  : [UserinfoInterceptor] request=/doc.html user-info=null
10:42:10:091  INFO 23144 --- [cart-service] [http-nio-8082-exec-4] c.d.m.c.interceptor.UserinfoInterceptor  : [UserinfoInterceptor] request=/webjars/css/app.1824bac3.css user-info=null
10:42:10:092  INFO 23144 --- [cart-service] [http-nio-8082-exec-2] c.d.m.c.interceptor.UserinfoInterceptor  : [UserinfoInterceptor] request=/webjars/css/chunk-vendors.f24a310a.css user-info=null
10:42:10:092  INFO 23144 --- [cart-service] [http-nio-8082-exec-6] c.d.m.c.interceptor.UserinfoInterceptor  : [UserinfoInterceptor] request=/webjars/js/app.c31badf5.js user-info=null
10:42:10:092  INFO 23144 --- [cart-service] [http-nio-8082-exec-8] c.d.m.c.interceptor.UserinfoInterceptor  : [UserinfoInterceptor] request=/webjars/js/chunk-vendors.d51cf6f8.js user-info=null
10:42:10:106  INFO 23144 --- [cart-service] [http-nio-8082-exec-3] c.d.m.c.interceptor.UserinfoInterceptor  : [UserinfoInterceptor] request=/webjars/css/chunk-41ae0dec.999bc9fd.css user-info=null
10:42:10:111  INFO 23144 --- [cart-service] [http-nio-8082-exec-9] c.d.m.c.interceptor.UserinfoInterceptor  : [UserinfoInterceptor] request=/webjars/css/chunk-cdc6d52e.9612b987.css user-info=null
10:42:10:111  INFO 23144 --- [cart-service] [http-nio-8082-exec-1] c.d.m.c.interceptor.UserinfoInterceptor  : [UserinfoInterceptor] request=/webjars/js/chunk-0d102d5a.b2bddffc.js user-info=null
10:42:10:111  INFO 23144 --- [cart-service] [http-nio-8082-exec-10] c.d.m.c.interceptor.UserinfoInterceptor  : [UserinfoInterceptor] request=/webjars/js/chunk-069eb437.355c4fb0.js user-info=null
10:42:10:111  INFO 23144 --- [cart-service] [http-nio-8082-exec-5] c.d.m.c.interceptor.UserinfoInterceptor  : [UserinfoInterceptor] request=/webjars/js/chunk-0fd67716.d57e2c41.js user-info=null
10:42:10:111  INFO 23144 --- [cart-service] [http-nio-8082-exec-7] c.d.m.c.interceptor.UserinfoInterceptor  : [UserinfoInterceptor] request=/webjars/js/chunk-260d712a.390177fe.js user-info=null
10:42:10:116  INFO 23144 --- [cart-service] [http-nio-8082-exec-2] c.d.m.c.interceptor.UserinfoInterceptor  : [UserinfoInterceptor] request=/webjars/js/chunk-2d0af44e.392afcd6.js user-info=null
10:42:10:120  INFO 23144 --- [cart-service] [http-nio-8082-exec-4] c.d.m.c.interceptor.UserinfoInterceptor  : [UserinfoInterceptor] request=/webjars/js/chunk-2d0bd799.eb48b7f1.js user-info=null
10:42:10:122  INFO 23144 --- [cart-service] [http-nio-8082-exec-6] c.d.m.c.interceptor.UserinfoInterceptor  : [UserinfoInterceptor] request=/webjars/js/chunk-2d0da532.591ad7fc.js user-info=null
10:42:10:124  INFO 23144 --- [cart-service] [http-nio-8082-exec-3] c.d.m.c.interceptor.UserinfoInterceptor  : [UserinfoInterceptor] request=/webjars/js/chunk-3b888a65.8737ce4f.js user-info=null
10:42:10:124  INFO 23144 --- [cart-service] [http-nio-8082-exec-9] c.d.m.c.interceptor.UserinfoInterceptor  : [UserinfoInterceptor] request=/webjars/js/chunk-3ec4aaa8.a79d19f8.js user-info=null
10:42:10:124  INFO 23144 --- [cart-service] [http-nio-8082-exec-6] c.d.m.c.interceptor.UserinfoInterceptor  : [UserinfoInterceptor] request=/webjars/js/chunk-41ae0dec.7cdc472b.js user-info=null
10:42:10:126  INFO 23144 --- [cart-service] [http-nio-8082-exec-1] c.d.m.c.interceptor.UserinfoInterceptor  : [UserinfoInterceptor] request=/webjars/js/chunk-589faee0.5bfd1708.js user-info=null
10:42:10:126  INFO 23144 --- [cart-service] [http-nio-8082-exec-2] c.d.m.c.interceptor.UserinfoInterceptor  : [UserinfoInterceptor] request=/webjars/js/chunk-735c675c.5b409314.js user-info=null
10:42:10:129  INFO 23144 --- [cart-service] [http-nio-8082-exec-8] c.d.m.c.interceptor.UserinfoInterceptor  : [UserinfoInterceptor] request=/webjars/js/chunk-adb9e944.2c7f24fe.js user-info=null
10:42:10:131  INFO 23144 --- [cart-service] [http-nio-8082-exec-5] c.d.m.c.interceptor.UserinfoInterceptor  : [UserinfoInterceptor] request=/webjars/js/chunk-cdc6d52e.5c46a8aa.js user-info=null
10:42:10:295  INFO 23144 --- [cart-service] [http-nio-8082-exec-4] c.d.m.c.interceptor.UserinfoInterceptor  : [UserinfoInterceptor] request=/favicon.ico user-info=null
10:42:10:298 ERROR 23144 --- [cart-service] [http-nio-8082-exec-4] c.d.m.c.advice.CommonExceptionAdvice     : 未预期异常

org.springframework.web.servlet.resource.NoResourceFoundException: No static resource favicon.ico.
	at org.springframework.web.servlet.resource.ResourceHttpRequestHandler.handleRequest(ResourceHttpRequestHandler.java:585) ~[spring-webmvc-6.1.11.jar:6.1.11]
	at org.springframework.web.servlet.mvc.HttpRequestHandlerAdapter.handle(HttpRequestHandlerAdapter.java:52) ~[spring-webmvc-6.1.11.jar:6.1.11]
	at org.springframework.web.servlet.DispatcherServlet.doDispatch(DispatcherServlet.java:1089) ~[spring-webmvc-6.1.11.jar:6.1.11]
	at org.springframework.web.servlet.DispatcherServlet.doService(DispatcherServlet.java:979) ~[spring-webmvc-6.1.11.jar:6.1.11]
	at org.springframework.web.servlet.FrameworkServlet.processRequest(FrameworkServlet.java:1014) ~[spring-webmvc-6.1.11.jar:6.1.11]
	at org.springframework.web.servlet.FrameworkServlet.doGet(FrameworkServlet.java:903) ~[spring-webmvc-6.1.11.jar:6.1.11]
	at jakarta.servlet.http.HttpServlet.service(HttpServlet.java:564) ~[tomcat-embed-core-10.1.26.jar:10.1.26]
	at org.springframework.web.servlet.FrameworkServlet.service(FrameworkServlet.java:885) ~[spring-webmvc-6.1.11.jar:6.1.11]
	at jakarta.servlet.http.HttpServlet.service(HttpServlet.java:658) ~[tomcat-embed-core-10.1.26.jar:10.1.26]
	at org.apache.catalina.core.ApplicationFilterChain.internalDoFilter(ApplicationFilterChain.java:195) ~[tomcat-embed-core-10.1.26.jar:10.1.26]
	at org.apache.catalina.core.ApplicationFilterChain.doFilter(ApplicationFilterChain.java:140) ~[tomcat-embed-core-10.1.26.jar:10.1.26]
	at org.apache.tomcat.websocket.server.WsFilter.doFilter(WsFilter.java:51) ~[tomcat-embed-websocket-10.1.26.jar:10.1.26]
	at org.apache.catalina.core.ApplicationFilterChain.internalDoFilter(ApplicationFilterChain.java:164) ~[tomcat-embed-core-10.1.26.jar:10.1.26]
	at org.apache.catalina.core.ApplicationFilterChain.doFilter(ApplicationFilterChain.java:140) ~[tomcat-embed-core-10.1.26.jar:10.1.26]
	at org.springframework.web.filter.RequestContextFilter.doFilterInternal(RequestContextFilter.java:100) ~[spring-web-6.1.11.jar:6.1.11]
	at org.springframework.web.filter.OncePerRequestFilter.doFilter(OncePerRequestFilter.java:116) ~[spring-web-6.1.11.jar:6.1.11]
	at org.apache.catalina.core.ApplicationFilterChain.internalDoFilter(ApplicationFilterChain.java:164) ~[tomcat-embed-core-10.1.26.jar:10.1.26]
	at org.apache.catalina.core.ApplicationFilterChain.doFilter(ApplicationFilterChain.java:140) ~[tomcat-embed-core-10.1.26.jar:10.1.26]
	at org.springframework.web.filter.FormContentFilter.doFilterInternal(FormContentFilter.java:93) ~[spring-web-6.1.11.jar:6.1.11]
	at org.springframework.web.filter.OncePerRequestFilter.doFilter(OncePerRequestFilter.java:116) ~[spring-web-6.1.11.jar:6.1.11]
	at org.apache.catalina.core.ApplicationFilterChain.internalDoFilter(ApplicationFilterChain.java:164) ~[tomcat-embed-core-10.1.26.jar:10.1.26]
	at org.apache.catalina.core.ApplicationFilterChain.doFilter(ApplicationFilterChain.java:140) ~[tomcat-embed-core-10.1.26.jar:10.1.26]
	at org.springframework.web.filter.ServerHttpObservationFilter.doFilterInternal(ServerHttpObservationFilter.java:113) ~[spring-web-6.1.11.jar:6.1.11]
	at org.springframework.web.filter.OncePerRequestFilter.doFilter(OncePerRequestFilter.java:116) ~[spring-web-6.1.11.jar:6.1.11]
	at org.apache.catalina.core.ApplicationFilterChain.internalDoFilter(ApplicationFilterChain.java:164) ~[tomcat-embed-core-10.1.26.jar:10.1.26]
	at org.apache.catalina.core.ApplicationFilterChain.doFilter(ApplicationFilterChain.java:140) ~[tomcat-embed-core-10.1.26.jar:10.1.26]
	at org.springframework.web.filter.CharacterEncodingFilter.doFilterInternal(CharacterEncodingFilter.java:201) ~[spring-web-6.1.11.jar:6.1.11]
	at org.springframework.web.filter.OncePerRequestFilter.doFilter(OncePerRequestFilter.java:116) ~[spring-web-6.1.11.jar:6.1.11]
	at org.apache.catalina.core.ApplicationFilterChain.internalDoFilter(ApplicationFilterChain.java:164) ~[tomcat-embed-core-10.1.26.jar:10.1.26]
	at org.apache.catalina.core.ApplicationFilterChain.doFilter(ApplicationFilterChain.java:140) ~[tomcat-embed-core-10.1.26.jar:10.1.26]
	at org.apache.catalina.core.StandardWrapperValve.invoke(StandardWrapperValve.java:167) ~[tomcat-embed-core-10.1.26.jar:10.1.26]
	at org.apache.catalina.core.StandardContextValve.invoke(StandardContextValve.java:90) ~[tomcat-embed-core-10.1.26.jar:10.1.26]
	at org.apache.catalina.authenticator.AuthenticatorBase.invoke(AuthenticatorBase.java:483) ~[tomcat-embed-core-10.1.26.jar:10.1.26]
	at org.apache.catalina.core.StandardHostValve.invoke(StandardHostValve.java:115) ~[tomcat-embed-core-10.1.26.jar:10.1.26]
	at org.apache.catalina.valves.ErrorReportValve.invoke(ErrorReportValve.java:93) ~[tomcat-embed-core-10.1.26.jar:10.1.26]
	at org.apache.catalina.core.StandardEngineValve.invoke(StandardEngineValve.java:74) ~[tomcat-embed-core-10.1.26.jar:10.1.26]
	at org.apache.catalina.connector.CoyoteAdapter.service(CoyoteAdapter.java:344) ~[tomcat-embed-core-10.1.26.jar:10.1.26]
	at org.apache.coyote.http11.Http11Processor.service(Http11Processor.java:389) ~[tomcat-embed-core-10.1.26.jar:10.1.26]
	at org.apache.coyote.AbstractProcessorLight.process(AbstractProcessorLight.java:63) ~[tomcat-embed-core-10.1.26.jar:10.1.26]
	at org.apache.coyote.AbstractProtocol$ConnectionHandler.process(AbstractProtocol.java:904) ~[tomcat-embed-core-10.1.26.jar:10.1.26]
	at org.apache.tomcat.util.net.NioEndpoint$SocketProcessor.doRun(NioEndpoint.java:1741) ~[tomcat-embed-core-10.1.26.jar:10.1.26]
	at org.apache.tomcat.util.net.SocketProcessorBase.run(SocketProcessorBase.java:52) ~[tomcat-embed-core-10.1.26.jar:10.1.26]
	at org.apache.tomcat.util.threads.ThreadPoolExecutor.runWorker(ThreadPoolExecutor.java:1190) ~[tomcat-embed-core-10.1.26.jar:10.1.26]
	at org.apache.tomcat.util.threads.ThreadPoolExecutor$Worker.run(ThreadPoolExecutor.java:659) ~[tomcat-embed-core-10.1.26.jar:10.1.26]
	at org.apache.tomcat.util.threads.TaskThread$WrappingRunnable.run(TaskThread.java:63) ~[tomcat-embed-core-10.1.26.jar:10.1.26]
	at java.base/java.lang.Thread.run(Thread.java:1583) ~[na:na]

10:42:10:309  INFO 23144 --- [cart-service] [http-nio-8082-exec-10] c.d.m.c.interceptor.UserinfoInterceptor  : [UserinfoInterceptor] request=/v3/api-docs/swagger-config user-info=null
10:42:10:340  INFO 23144 --- [cart-service] [http-nio-8082-exec-3] c.d.m.c.interceptor.UserinfoInterceptor  : [UserinfoInterceptor] request=/v3/api-docs user-info=null
10:42:10:572  INFO 23144 --- [cart-service] [http-nio-8082-exec-3] o.springdoc.api.AbstractOpenApiResource  : Init duration for springdoc-openapi is: 211 ms
10:42:18:836  WARN 23144 --- [cart-service] [Thread-5] c.a.nacos.common.notify.NotifyCenter     : [NotifyCenter] Start destroying Publisher
10:42:18:836  WARN 23144 --- [cart-service] [Thread-3] c.a.n.common.http.HttpClientBeanHolder   : [HttpClientBeanHolder] Start destroying common HttpClient
10:42:18:836  WARN 23144 --- [cart-service] [Thread-5] c.a.nacos.common.notify.NotifyCenter     : [NotifyCenter] Destruction of the end
10:42:18:836  WARN 23144 --- [cart-service] [Thread-3] c.a.n.common.http.HttpClientBeanHolder   : [HttpClientBeanHolder] Destruction of the end
10:42:18:878  INFO 23144 --- [cart-service] [SpringApplicationShutdownHook] c.a.c.n.registry.NacosServiceRegistry    : De-registering from Nacos Server now...
10:42:18:878  INFO 23144 --- [cart-service] [SpringApplicationShutdownHook] com.alibaba.nacos.client.naming          : [DEREGISTER-SERVICE] public deregistering service cart-service with instance: Instance{instanceId='null', ip='100.2.20.214', port=8082, weight=1.0, healthy=true, enabled=true, ephemeral=true, clusterName='', serviceName='null', metadata={}}
10:42:18:887  INFO 23144 --- [cart-service] [SpringApplicationShutdownHook] c.a.c.n.registry.NacosServiceRegistry    : De-registration finished.
10:42:18:888  INFO 23144 --- [cart-service] [SpringApplicationShutdownHook] com.alibaba.nacos.client.naming          : com.alibaba.nacos.client.naming.cache.ServiceInfoHolder do shutdown begin
10:42:18:888  INFO 23144 --- [cart-service] [SpringApplicationShutdownHook] com.alibaba.nacos.client.naming          : com.alibaba.nacos.client.naming.backups.FailoverReactor do shutdown begin
10:42:18:888  INFO 23144 --- [cart-service] [SpringApplicationShutdownHook] com.alibaba.nacos.client.naming          : com.alibaba.nacos.client.naming.backups.FailoverReactor do shutdown stop
10:42:18:888  INFO 23144 --- [cart-service] [SpringApplicationShutdownHook] com.alibaba.nacos.client.naming          : com.alibaba.nacos.client.naming.cache.ServiceInfoHolder do shutdown stop
10:42:18:888  INFO 23144 --- [cart-service] [SpringApplicationShutdownHook] com.alibaba.nacos.client.naming          : com.alibaba.nacos.client.naming.remote.NamingClientProxyDelegate do shutdown begin
10:42:18:888  INFO 23144 --- [cart-service] [SpringApplicationShutdownHook] com.alibaba.nacos.client.naming          : com.alibaba.nacos.client.naming.core.ServiceInfoUpdateService do shutdown begin
10:42:18:888  INFO 23144 --- [cart-service] [SpringApplicationShutdownHook] com.alibaba.nacos.client.naming          : com.alibaba.nacos.client.naming.core.ServiceInfoUpdateService do shutdown stop
10:42:18:888  INFO 23144 --- [cart-service] [SpringApplicationShutdownHook] com.alibaba.nacos.client.naming          : com.alibaba.nacos.client.naming.core.ServerListManager do shutdown begin
10:42:18:888  WARN 23144 --- [cart-service] [SpringApplicationShutdownHook] com.alibaba.nacos.client.naming          : [NamingHttpClientManager] Start destroying NacosRestTemplate
10:42:18:888  WARN 23144 --- [cart-service] [SpringApplicationShutdownHook] com.alibaba.nacos.client.naming          : [NamingHttpClientManager] Destruction of the end
10:42:18:888  INFO 23144 --- [cart-service] [SpringApplicationShutdownHook] com.alibaba.nacos.client.naming          : com.alibaba.nacos.client.naming.core.ServerListManager do shutdown stop
10:42:18:888  INFO 23144 --- [cart-service] [SpringApplicationShutdownHook] com.alibaba.nacos.client.naming          : com.alibaba.nacos.client.naming.remote.http.NamingHttpClientProxy do shutdown begin
10:42:18:888  WARN 23144 --- [cart-service] [SpringApplicationShutdownHook] com.alibaba.nacos.client.naming          : [NamingHttpClientManager] Start destroying NacosRestTemplate
10:42:18:888  WARN 23144 --- [cart-service] [SpringApplicationShutdownHook] com.alibaba.nacos.client.naming          : [NamingHttpClientManager] Destruction of the end
10:42:18:888  INFO 23144 --- [cart-service] [SpringApplicationShutdownHook] com.alibaba.nacos.client.naming          : com.alibaba.nacos.client.naming.remote.http.NamingHttpClientProxy do shutdown stop
10:42:18:888  INFO 23144 --- [cart-service] [SpringApplicationShutdownHook] com.alibaba.nacos.client.naming          : Shutdown naming grpc client proxy for  uuid->74566fb7-3d08-4171-8025-30ce23f7fb2a
10:42:18:888  INFO 23144 --- [cart-service] [SpringApplicationShutdownHook] com.alibaba.nacos.client.naming          : Shutdown grpc redo service executor java.util.concurrent.ScheduledThreadPoolExecutor@71f9f8ba[Running, pool size = 1, active threads = 0, queued tasks = 1, completed tasks = 7]
10:42:18:888  INFO 23144 --- [cart-service] [SpringApplicationShutdownHook] com.alibaba.nacos.common.remote.client   : Shutdown rpc client, set status to shutdown
10:42:18:888  INFO 23144 --- [cart-service] [SpringApplicationShutdownHook] com.alibaba.nacos.common.remote.client   : Shutdown client event executor java.util.concurrent.ScheduledThreadPoolExecutor@323fa578[Running, pool size = 2, active threads = 2, queued tasks = 0, completed tasks = 0]
10:42:18:888  INFO 23144 --- [cart-service] [SpringApplicationShutdownHook] com.alibaba.nacos.common.remote.client   : Close current connection 1780713716121_172.19.0.1_49502
10:42:18:891  INFO 23144 --- [cart-service] [nacos-grpc-client-executor-localhost-14] c.a.n.c.remote.client.grpc.GrpcClient    : [1780713716121_172.19.0.1_49502]Ignore complete event,isRunning:false,isAbandon=false
10:42:18:894  INFO 23144 --- [cart-service] [SpringApplicationShutdownHook] c.a.n.c.remote.client.grpc.GrpcClient    : Shutdown grpc executor java.util.concurrent.ThreadPoolExecutor@368617cd[Running, pool size = 5, active threads = 0, queued tasks = 0, completed tasks = 15]
10:42:18:895  INFO 23144 --- [cart-service] [SpringApplicationShutdownHook] com.alibaba.nacos.client.naming          : shutdown and remove naming rpc client  for uuid ->74566fb7-3d08-4171-8025-30ce23f7fb2a
10:42:18:895  INFO 23144 --- [cart-service] [SpringApplicationShutdownHook] c.a.n.c.a.r.identify.CredentialWatcher   : [null] CredentialWatcher is stopped
10:42:18:895  INFO 23144 --- [cart-service] [SpringApplicationShutdownHook] c.a.n.c.a.r.identify.CredentialService   : [null] CredentialService is freed
10:42:18:895  INFO 23144 --- [cart-service] [SpringApplicationShutdownHook] com.alibaba.nacos.client.naming          : com.alibaba.nacos.client.naming.remote.NamingClientProxyDelegate do shutdown stop
10:42:18:897  INFO 23144 --- [cart-service] [SpringApplicationShutdownHook] com.zaxxer.hikari.HikariDataSource       : HikariPool-1 - Shutdown initiated...
10:42:18:900  INFO 23144 --- [cart-service] [SpringApplicationShutdownHook] com.zaxxer.hikari.HikariDataSource       : HikariPool-1 - Shutdown completed.
12:28:18:022  INFO 30524 --- [cart-service] [main] c.alibaba.nacos.client.utils.ParamUtil   : [settings] [req-serv] nacos-server port:8848
12:28:18:024  INFO 30524 --- [cart-service] [main] c.alibaba.nacos.client.utils.ParamUtil   : [settings] [http-client] connect timeout:1000
12:28:18:025  INFO 30524 --- [cart-service] [Thread-2] c.a.n.c.a.r.identify.CredentialWatcher   : null No credential found
12:28:18:025  INFO 30524 --- [cart-service] [main] c.alibaba.nacos.client.utils.ParamUtil   : PER_TASK_CONFIG_SIZE: 3000.0
12:28:18:043  INFO 30524 --- [cart-service] [main] com.alibaba.nacos.common.labels          : DefaultLabelsCollectorManager get labels.....
12:28:18:043  INFO 30524 --- [cart-service] [main] com.alibaba.nacos.common.labels          : Process LabelsCollector with [name:defaultNacosLabelsCollector]
12:28:18:044  INFO 30524 --- [cart-service] [main] com.alibaba.nacos.common.labels          : default nacos collect properties raw labels: null
12:28:18:044  INFO 30524 --- [cart-service] [main] com.alibaba.nacos.common.labels          : default nacos collect properties labels: {}
12:28:18:044  INFO 30524 --- [cart-service] [main] com.alibaba.nacos.common.labels          : default nacos collect jvm raw labels: null
12:28:18:044  INFO 30524 --- [cart-service] [main] com.alibaba.nacos.common.labels          : default nacos collect jvm labels: {}
12:28:18:044  INFO 30524 --- [cart-service] [main] com.alibaba.nacos.common.labels          : default nacos collect env raw labels: null
12:28:18:044  INFO 30524 --- [cart-service] [main] com.alibaba.nacos.common.labels          : default nacos collect env labels: {}
12:28:18:045  INFO 30524 --- [cart-service] [main] com.alibaba.nacos.common.labels          : DefaultLabelsCollectorManager get labels finished,labels :{}
12:28:18:051  INFO 30524 --- [cart-service] [main] c.a.n.p.a.s.c.ClientAuthPluginManager    : [ClientAuthPluginManager] Load ClientAuthService com.alibaba.nacos.client.auth.impl.NacosClientAuthServiceImpl success.
12:28:18:052  INFO 30524 --- [cart-service] [main] c.a.n.p.a.s.c.ClientAuthPluginManager    : [ClientAuthPluginManager] Load ClientAuthService com.alibaba.nacos.client.auth.ram.RamClientAuthServiceImpl success.
12:28:18:056  INFO 30524 --- [cart-service] [main] c.a.n.c.c.impl.LocalConfigInfoProcessor  : LOCAL_SNAPSHOT_PATH:C:\Users\14416\nacos\config
12:28:18:059  INFO 30524 --- [cart-service] [main] com.alibaba.nacos.common.remote.client   : [RpcClientFactory] create a new rpc client of a8fde3a4-863e-4af5-b871-1a84f61a390e_config-0
12:28:18:084  INFO 30524 --- [cart-service] [main] com.alibaba.nacos.common.remote.client   : [a8fde3a4-863e-4af5-b871-1a84f61a390e_config-0] Register server push request handler:com.alibaba.nacos.client.config.impl.ClientWorker$ConfigRpcTransportClient$$Lambda/0x000002172a37f660
12:28:18:084  INFO 30524 --- [cart-service] [main] com.alibaba.nacos.common.remote.client   : [a8fde3a4-863e-4af5-b871-1a84f61a390e_config-0] Register server push request handler:com.alibaba.nacos.client.config.impl.ClientWorker$ConfigRpcTransportClient$$Lambda/0x000002172a37fa90
12:28:18:085  INFO 30524 --- [cart-service] [main] com.alibaba.nacos.common.remote.client   : [a8fde3a4-863e-4af5-b871-1a84f61a390e_config-0] Registry connection listener to current client:com.alibaba.nacos.client.config.impl.ClientWorker$ConfigRpcTransportClient$1
12:28:18:085  INFO 30524 --- [cart-service] [main] com.alibaba.nacos.common.remote.client   : [a8fde3a4-863e-4af5-b871-1a84f61a390e_config-0] RpcClient init, ServerListFactory = com.alibaba.nacos.client.config.impl.ClientWorker$ConfigRpcTransportClient$2
12:28:18:090  INFO 30524 --- [cart-service] [main] com.alibaba.nacos.common.remote.client   : [a8fde3a4-863e-4af5-b871-1a84f61a390e_config-0] Try to connect to server on start up, server: {serverIp = 'localhost', server main port = 8848}
12:28:18:118  INFO 30524 --- [cart-service] [main] c.a.n.c.remote.client.grpc.GrpcClient    : grpc client connection server:localhost ip,serverPort:9848,grpcTslConfig:{"sslProvider":"","enableTls":false,"mutualAuthEnable":false,"trustAll":false}
12:28:18:560  WARN 30524 --- [cart-service] [Thread-3] c.a.n.common.http.HttpClientBeanHolder   : [HttpClientBeanHolder] Start destroying common HttpClient
12:28:18:560  WARN 30524 --- [cart-service] [Thread-5] c.a.nacos.common.notify.NotifyCenter     : [NotifyCenter] Start destroying Publisher
12:28:18:560  WARN 30524 --- [cart-service] [Thread-5] c.a.nacos.common.notify.NotifyCenter     : [NotifyCenter] Destruction of the end
12:28:18:560  WARN 30524 --- [cart-service] [Thread-3] c.a.n.common.http.HttpClientBeanHolder   : [HttpClientBeanHolder] Destruction of the end
