21:47:15:555  INFO 13932 --- [user-service] [main] c.alibaba.nacos.client.utils.ParamUtil   : [settings] [req-serv] nacos-server port:8848
21:47:15:557  INFO 13932 --- [user-service] [Thread-2] c.a.n.c.a.r.identify.CredentialWatcher   : null No credential found
21:47:15:563  INFO 13932 --- [user-service] [main] c.alibaba.nacos.client.utils.ParamUtil   : [settings] [http-client] connect timeout:1000
21:47:15:565  INFO 13932 --- [user-service] [main] c.alibaba.nacos.client.utils.ParamUtil   : PER_TASK_CONFIG_SIZE: 3000.0
21:47:15:584  INFO 13932 --- [user-service] [main] com.alibaba.nacos.common.labels          : DefaultLabelsCollectorManager get labels.....
21:47:15:585  INFO 13932 --- [user-service] [main] com.alibaba.nacos.common.labels          : Process LabelsCollector with [name:defaultNacosLabelsCollector]
21:47:15:585  INFO 13932 --- [user-service] [main] com.alibaba.nacos.common.labels          : default nacos collect properties raw labels: null
21:47:15:586  INFO 13932 --- [user-service] [main] com.alibaba.nacos.common.labels          : default nacos collect properties labels: {}
21:47:15:586  INFO 13932 --- [user-service] [main] com.alibaba.nacos.common.labels          : default nacos collect jvm raw labels: null
21:47:15:586  INFO 13932 --- [user-service] [main] com.alibaba.nacos.common.labels          : default nacos collect jvm labels: {}
21:47:15:587  INFO 13932 --- [user-service] [main] com.alibaba.nacos.common.labels          : default nacos collect env raw labels: null
21:47:15:587  INFO 13932 --- [user-service] [main] com.alibaba.nacos.common.labels          : default nacos collect env labels: {}
21:47:15:587  INFO 13932 --- [user-service] [main] com.alibaba.nacos.common.labels          : DefaultLabelsCollectorManager get labels finished,labels :{}
21:47:15:594  INFO 13932 --- [user-service] [main] c.a.n.p.a.s.c.ClientAuthPluginManager    : [ClientAuthPluginManager] Load ClientAuthService com.alibaba.nacos.client.auth.impl.NacosClientAuthServiceImpl success.
21:47:15:594  INFO 13932 --- [user-service] [main] c.a.n.p.a.s.c.ClientAuthPluginManager    : [ClientAuthPluginManager] Load ClientAuthService com.alibaba.nacos.client.auth.ram.RamClientAuthServiceImpl success.
21:47:15:597  INFO 13932 --- [user-service] [main] c.a.n.c.c.impl.LocalConfigInfoProcessor  : LOCAL_SNAPSHOT_PATH:C:\Users\14416\nacos\config
21:47:15:602  INFO 13932 --- [user-service] [main] com.alibaba.nacos.common.remote.client   : [RpcClientFactory] create a new rpc client of 4dada237-4787-46a4-beaa-3fb3776464a9_config-0
21:47:15:620  INFO 13932 --- [user-service] [main] com.alibaba.nacos.common.remote.client   : [4dada237-4787-46a4-beaa-3fb3776464a9_config-0] Register server push request handler:com.alibaba.nacos.client.config.impl.ClientWorker$ConfigRpcTransportClient$$Lambda/0x0000029d01392170
21:47:15:620  INFO 13932 --- [user-service] [main] com.alibaba.nacos.common.remote.client   : [4dada237-4787-46a4-beaa-3fb3776464a9_config-0] Register server push request handler:com.alibaba.nacos.client.config.impl.ClientWorker$ConfigRpcTransportClient$$Lambda/0x0000029d013925a0
21:47:15:621  INFO 13932 --- [user-service] [main] com.alibaba.nacos.common.remote.client   : [4dada237-4787-46a4-beaa-3fb3776464a9_config-0] Registry connection listener to current client:com.alibaba.nacos.client.config.impl.ClientWorker$ConfigRpcTransportClient$1
21:47:15:621  INFO 13932 --- [user-service] [main] com.alibaba.nacos.common.remote.client   : [4dada237-4787-46a4-beaa-3fb3776464a9_config-0] RpcClient init, ServerListFactory = com.alibaba.nacos.client.config.impl.ClientWorker$ConfigRpcTransportClient$2
21:47:15:626  INFO 13932 --- [user-service] [main] com.alibaba.nacos.common.remote.client   : [4dada237-4787-46a4-beaa-3fb3776464a9_config-0] Try to connect to server on start up, server: {serverIp = 'localhost', server main port = 8848}
21:47:15:658  INFO 13932 --- [user-service] [main] c.a.n.c.remote.client.grpc.GrpcClient    : grpc client connection server:localhost ip,serverPort:9848,grpcTslConfig:{"sslProvider":"","enableTls":false,"mutualAuthEnable":false,"trustAll":false}
21:47:16:184  INFO 13932 --- [user-service] [main] c.a.n.c.a.AbstractAbilityControlManager  : Ready to get current node abilities...
21:47:16:185  INFO 13932 --- [user-service] [main] c.a.n.c.a.AbstractAbilityControlManager  : Ready to initialize current node abilities, support modes: [SDK_CLIENT]
21:47:16:186  INFO 13932 --- [user-service] [main] c.a.n.c.a.AbstractAbilityControlManager  : Initialize current abilities finish...
21:47:16:186  INFO 13932 --- [user-service] [main] c.a.n.c.a.d.NacosAbilityManagerHolder    : [AbilityControlManager] Successfully initialize AbilityControlManager
21:47:16:207  INFO 13932 --- [user-service] [main] com.alibaba.nacos.common.remote.client   : [4dada237-4787-46a4-beaa-3fb3776464a9_config-0] Success to connect to server [localhost:8848] on start up, connectionId = 1780926436099_172.19.0.1_40956
21:47:16:207  INFO 13932 --- [user-service] [com.alibaba.nacos.client.remote.worker.0] com.alibaba.nacos.common.remote.client   : [4dada237-4787-46a4-beaa-3fb3776464a9_config-0] Notify connected event to listeners.
21:47:16:207  INFO 13932 --- [user-service] [com.alibaba.nacos.client.remote.worker.0] c.a.n.client.config.impl.ClientWorker    : [4dada237-4787-46a4-beaa-3fb3776464a9_config-0] Connected,notify listen context...
21:47:16:208  INFO 13932 --- [user-service] [main] com.alibaba.nacos.common.remote.client   : [4dada237-4787-46a4-beaa-3fb3776464a9_config-0] Register server push request handler:com.alibaba.nacos.common.remote.client.RpcClient$ConnectResetRequestHandler
21:47:16:208  INFO 13932 --- [user-service] [main] com.alibaba.nacos.common.remote.client   : [4dada237-4787-46a4-beaa-3fb3776464a9_config-0] Register server push request handler:com.alibaba.nacos.common.remote.client.RpcClient$$Lambda/0x0000029d015267c8
21:47:16:281  INFO 13932 --- [user-service] [main] c.a.nacos.client.config.impl.Limiter     : limitTime:5.0
21:47:16:330  WARN 13932 --- [user-service] [main] c.a.c.n.c.NacosPropertySourceBuilder     : Ignore the empty nacos configuration and get it based on dataId[user-service] & group[DEFAULT_GROUP]
21:47:16:343  WARN 13932 --- [user-service] [main] c.a.c.n.c.NacosPropertySourceBuilder     : Ignore the empty nacos configuration and get it based on dataId[user-service.yaml] & group[DEFAULT_GROUP]
21:47:16:355  WARN 13932 --- [user-service] [main] c.a.c.n.c.NacosPropertySourceBuilder     : Ignore the empty nacos configuration and get it based on dataId[user-service-local.yaml] & group[DEFAULT_GROUP]
21:47:16:356  INFO 13932 --- [user-service] [main] b.c.PropertySourceBootstrapConfiguration : Located property source: [BootstrapPropertySource {name='bootstrapProperties-user-service-local.yaml,DEFAULT_GROUP'}, BootstrapPropertySource {name='bootstrapProperties-user-service.yaml,DEFAULT_GROUP'}, BootstrapPropertySource {name='bootstrapProperties-user-service,DEFAULT_GROUP'}]
21:47:16:373  INFO 13932 --- [user-service] [main] com.digital.mall.user.UserApplication    : The following 1 profile is active: "local"
21:47:17:441  INFO 13932 --- [user-service] [main] .s.d.r.c.RepositoryConfigurationDelegate : Multiple Spring Data modules found, entering strict repository configuration mode
21:47:17:444  INFO 13932 --- [user-service] [main] .s.d.r.c.RepositoryConfigurationDelegate : Bootstrapping Spring Data Redis repositories in DEFAULT mode.
21:47:17:468  INFO 13932 --- [user-service] [main] .s.d.r.c.RepositoryConfigurationDelegate : Finished Spring Data repository scanning in 10 ms. Found 0 Redis repository interfaces.
21:47:17:715  INFO 13932 --- [user-service] [main] o.s.cloud.context.scope.GenericScope     : BeanFactory id=f1956075-01fa-31cd-9353-e30550b9082e
21:47:18:001  WARN 13932 --- [user-service] [main] trationDelegate$BeanPostProcessorChecker : Bean 'org.springframework.cloud.client.loadbalancer.LoadBalancerAutoConfiguration$DeferringLoadBalancerInterceptorConfig' of type [org.springframework.cloud.client.loadbalancer.LoadBalancerAutoConfiguration$DeferringLoadBalancerInterceptorConfig] is not eligible for getting processed by all BeanPostProcessors (for example: not eligible for auto-proxying). The currently created BeanPostProcessor [lbRestClientPostProcessor] is declared through a non-static factory method on that class; consider declaring it as static instead.
21:47:18:003  WARN 13932 --- [user-service] [main] trationDelegate$BeanPostProcessorChecker : Bean 'deferringLoadBalancerInterceptor' of type [org.springframework.cloud.client.loadbalancer.DeferringLoadBalancerInterceptor] is not eligible for getting processed by all BeanPostProcessors (for example: not eligible for auto-proxying). Is this bean getting eagerly injected into a currently created BeanPostProcessor [lbRestClientPostProcessor]? Check the corresponding BeanPostProcessor declaration and its dependencies.
21:47:18:217  INFO 13932 --- [user-service] [main] o.s.b.w.embedded.tomcat.TomcatWebServer  : Tomcat initialized with port 8083 (http)
21:47:18:238  INFO 13932 --- [user-service] [main] o.apache.catalina.core.StandardService   : Starting service [Tomcat]
21:47:18:238  INFO 13932 --- [user-service] [main] o.apache.catalina.core.StandardEngine    : Starting Servlet engine: [Apache Tomcat/10.1.26]
21:47:18:315  INFO 13932 --- [user-service] [main] o.a.c.c.C.[Tomcat].[localhost].[/]       : Initializing Spring embedded WebApplicationContext
21:47:18:315  INFO 13932 --- [user-service] [main] w.s.c.ServletWebServerApplicationContext : Root WebApplicationContext: initialization completed in 1928 ms
21:47:19:908  INFO 13932 --- [user-service] [main] org.redisson.Version                     : Redisson 3.27.0
21:47:20:219  INFO 13932 --- [user-service] [redisson-netty-1-6] o.redisson.connection.ConnectionsHolder  : 1 connections initialized for localhost/127.0.0.1:6379
21:47:20:301  INFO 13932 --- [user-service] [redisson-netty-1-20] o.redisson.connection.ConnectionsHolder  : 24 connections initialized for localhost/127.0.0.1:6379
21:47:21:285  INFO 13932 --- [user-service] [main] o.s.b.a.e.web.EndpointLinksResolver      : Exposing 1 endpoint(s) beneath base path '/actuator'
21:47:21:412  INFO 13932 --- [user-service] [main] o.s.b.w.embedded.tomcat.TomcatWebServer  : Tomcat started on port 8083 (http) with context path ''
21:47:21:419  INFO 13932 --- [user-service] [main] com.alibaba.nacos.client.naming          : initializer namespace from ans.namespace attribute : null
21:47:21:419  INFO 13932 --- [user-service] [main] com.alibaba.nacos.client.naming          : initializer namespace from ALIBABA_ALIWARE_NAMESPACE attribute :null
21:47:21:419  INFO 13932 --- [user-service] [main] com.alibaba.nacos.client.naming          : initializer namespace from namespace attribute :null
21:47:21:426  INFO 13932 --- [user-service] [main] com.alibaba.nacos.client.naming          : FailoverDataSource type is class com.alibaba.nacos.client.naming.backups.datasource.DiskFailoverDataSource
21:47:21:432  INFO 13932 --- [user-service] [main] c.a.n.p.a.s.c.ClientAuthPluginManager    : [ClientAuthPluginManager] Load ClientAuthService com.alibaba.nacos.client.auth.impl.NacosClientAuthServiceImpl success.
21:47:21:432  INFO 13932 --- [user-service] [main] c.a.n.p.a.s.c.ClientAuthPluginManager    : [ClientAuthPluginManager] Load ClientAuthService com.alibaba.nacos.client.auth.ram.RamClientAuthServiceImpl success.
21:47:21:437  INFO 13932 --- [user-service] [main] com.alibaba.nacos.common.remote.client   : [RpcClientFactory] create a new rpc client of 23ab9d35-e6a4-4fdd-9d38-fed3b65fe4fa
21:47:21:439  INFO 13932 --- [user-service] [main] com.alibaba.nacos.client.naming          : Create naming rpc client for uuid->23ab9d35-e6a4-4fdd-9d38-fed3b65fe4fa
21:47:21:443  INFO 13932 --- [user-service] [main] com.alibaba.nacos.common.remote.client   : [23ab9d35-e6a4-4fdd-9d38-fed3b65fe4fa] RpcClient init, ServerListFactory = com.alibaba.nacos.client.naming.core.ServerListManager
21:47:21:443  INFO 13932 --- [user-service] [main] com.alibaba.nacos.common.remote.client   : [23ab9d35-e6a4-4fdd-9d38-fed3b65fe4fa] Registry connection listener to current client:com.alibaba.nacos.client.naming.remote.gprc.redo.NamingGrpcRedoService
21:47:21:444  INFO 13932 --- [user-service] [main] com.alibaba.nacos.common.remote.client   : [23ab9d35-e6a4-4fdd-9d38-fed3b65fe4fa] Register server push request handler:com.alibaba.nacos.client.naming.remote.gprc.NamingPushRequestHandler
21:47:21:445  INFO 13932 --- [user-service] [main] com.alibaba.nacos.common.remote.client   : [23ab9d35-e6a4-4fdd-9d38-fed3b65fe4fa] Try to connect to server on start up, server: {serverIp = 'localhost', server main port = 8848}
21:47:21:445  INFO 13932 --- [user-service] [main] c.a.n.c.remote.client.grpc.GrpcClient    : grpc client connection server:localhost ip,serverPort:9848,grpcTslConfig:{"sslProvider":"","enableTls":false,"mutualAuthEnable":false,"trustAll":false}
21:47:21:489  INFO 13932 --- [user-service] [main] com.alibaba.nacos.common.remote.client   : [23ab9d35-e6a4-4fdd-9d38-fed3b65fe4fa] Success to connect to server [localhost:8848] on start up, connectionId = 1780926441464_172.19.0.1_40960
21:47:21:490  INFO 13932 --- [user-service] [main] com.alibaba.nacos.common.remote.client   : [23ab9d35-e6a4-4fdd-9d38-fed3b65fe4fa] Register server push request handler:com.alibaba.nacos.common.remote.client.RpcClient$ConnectResetRequestHandler
21:47:21:490  INFO 13932 --- [user-service] [com.alibaba.nacos.client.remote.worker.0] com.alibaba.nacos.common.remote.client   : [23ab9d35-e6a4-4fdd-9d38-fed3b65fe4fa] Notify connected event to listeners.
21:47:21:490  INFO 13932 --- [user-service] [main] com.alibaba.nacos.common.remote.client   : [23ab9d35-e6a4-4fdd-9d38-fed3b65fe4fa] Register server push request handler:com.alibaba.nacos.common.remote.client.RpcClient$$Lambda/0x0000029d015267c8
21:47:21:490  INFO 13932 --- [user-service] [com.alibaba.nacos.client.remote.worker.0] com.alibaba.nacos.client.naming          : Grpc connection connect
21:47:21:491  INFO 13932 --- [user-service] [main] com.alibaba.nacos.client.naming          : [REGISTER-SERVICE] public registering service user-service with instance Instance{instanceId='null', ip='100.2.20.214', port=8083, weight=1.0, healthy=true, enabled=true, ephemeral=true, clusterName='', serviceName='null', metadata={IPv6=null, preserved.register.source=SPRING_CLOUD}}
21:47:21:512  INFO 13932 --- [user-service] [main] c.a.c.n.registry.NacosServiceRegistry    : nacos registry, DEFAULT_GROUP user-service 100.2.20.214:8083 register finished
21:47:21:533  INFO 13932 --- [user-service] [main] com.digital.mall.user.UserApplication    : Started UserApplication in 6.969 seconds (process running for 7.699)
21:47:21:545  INFO 13932 --- [user-service] [main] c.a.nacos.client.config.impl.CacheData   : config listener notify warn timeout millis use default 60000 millis 
21:47:21:546  INFO 13932 --- [user-service] [main] c.a.nacos.client.config.impl.CacheData   : nacos.cache.data.init.snapshot = true 
21:47:21:546  INFO 13932 --- [user-service] [main] c.a.n.client.config.impl.ClientWorker    : [fixed-localhost_8848] [subscribe] user-service.yaml+DEFAULT_GROUP
21:47:21:559  INFO 13932 --- [user-service] [main] c.a.nacos.client.config.impl.CacheData   : [fixed-localhost_8848] [add-listener] ok, tenant=, dataId=user-service.yaml, group=DEFAULT_GROUP, cnt=1
21:47:21:559  INFO 13932 --- [user-service] [main] c.a.c.n.refresh.NacosContextRefresher    : [Nacos Config] Listening config: dataId=user-service.yaml, group=DEFAULT_GROUP
21:47:21:559  INFO 13932 --- [user-service] [main] c.a.n.client.config.impl.ClientWorker    : [fixed-localhost_8848] [subscribe] user-service-local.yaml+DEFAULT_GROUP
21:47:21:560  INFO 13932 --- [user-service] [main] c.a.nacos.client.config.impl.CacheData   : [fixed-localhost_8848] [add-listener] ok, tenant=, dataId=user-service-local.yaml, group=DEFAULT_GROUP, cnt=1
21:47:21:560  INFO 13932 --- [user-service] [main] c.a.c.n.refresh.NacosContextRefresher    : [Nacos Config] Listening config: dataId=user-service-local.yaml, group=DEFAULT_GROUP
21:47:21:560  INFO 13932 --- [user-service] [main] c.a.n.client.config.impl.ClientWorker    : [fixed-localhost_8848] [subscribe] user-service+DEFAULT_GROUP
21:47:21:560  INFO 13932 --- [user-service] [main] c.a.nacos.client.config.impl.CacheData   : [fixed-localhost_8848] [add-listener] ok, tenant=, dataId=user-service, group=DEFAULT_GROUP, cnt=1
21:47:21:560  INFO 13932 --- [user-service] [main] c.a.c.n.refresh.NacosContextRefresher    : [Nacos Config] Listening config: dataId=user-service, group=DEFAULT_GROUP
21:47:21:693  INFO 13932 --- [user-service] [RMI TCP Connection(2)-100.2.20.214] o.s.a.r.c.CachingConnectionFactory       : Attempting to connect to: [localhost:5672]
21:47:21:694  INFO 13932 --- [user-service] [RMI TCP Connection(1)-100.2.20.214] o.a.c.c.C.[Tomcat].[localhost].[/]       : Initializing Spring DispatcherServlet 'dispatcherServlet'
21:47:21:695  INFO 13932 --- [user-service] [RMI TCP Connection(1)-100.2.20.214] o.s.web.servlet.DispatcherServlet        : Initializing Servlet 'dispatcherServlet'
21:47:21:698  INFO 13932 --- [user-service] [RMI TCP Connection(1)-100.2.20.214] o.s.web.servlet.DispatcherServlet        : Completed initialization in 3 ms
21:47:21:758  INFO 13932 --- [user-service] [RMI TCP Connection(2)-100.2.20.214] o.s.a.r.c.CachingConnectionFactory       : Created new connection: rabbitConnectionFactory#3e3b41cb:0/SimpleConnection@612001fc [delegate=amqp://guest@127.0.0.1:5672/, localPort=57990]
21:47:21:797  INFO 13932 --- [user-service] [RMI TCP Connection(2)-100.2.20.214] com.zaxxer.hikari.HikariDataSource       : HikariPool-1 - Starting...
21:47:22:124  INFO 13932 --- [user-service] [RMI TCP Connection(2)-100.2.20.214] com.zaxxer.hikari.pool.HikariPool        : HikariPool-1 - Added connection org.postgresql.jdbc.PgConnection@2057f172
21:47:22:130  INFO 13932 --- [user-service] [RMI TCP Connection(2)-100.2.20.214] com.zaxxer.hikari.HikariDataSource       : HikariPool-1 - Start completed.
21:47:53:086  INFO 13932 --- [user-service] [http-nio-8083-exec-1] c.d.m.c.interceptor.UserinfoInterceptor  : [UserinfoInterceptor] request=/users/login user-info=null
21:47:53:335 DEBUG 13932 --- [user-service] [http-nio-8083-exec-1] c.d.m.user.mapper.UserMapper.selectList  : ==>  Preparing: SELECT id,username,password,phone,create_time,update_time,status,balance FROM "user" WHERE (username = ?)
21:47:53:351 DEBUG 13932 --- [user-service] [http-nio-8083-exec-1] c.d.m.user.mapper.UserMapper.selectList  : ==> Parameters: chen(String)
21:47:53:433 DEBUG 13932 --- [user-service] [http-nio-8083-exec-1] c.d.m.user.mapper.UserMapper.selectList  : <==      Total: 1
23:05:34:812  WARN 13932 --- [user-service] [Thread-3] c.a.n.common.http.HttpClientBeanHolder   : [HttpClientBeanHolder] Start destroying common HttpClient
23:05:34:826  WARN 13932 --- [user-service] [Thread-5] c.a.nacos.common.notify.NotifyCenter     : [NotifyCenter] Start destroying Publisher
23:05:34:830  WARN 13932 --- [user-service] [Thread-5] c.a.nacos.common.notify.NotifyCenter     : [NotifyCenter] Destruction of the end
23:05:34:855  WARN 13932 --- [user-service] [Thread-3] c.a.n.common.http.HttpClientBeanHolder   : [HttpClientBeanHolder] Destruction of the end
23:05:35:319  INFO 13932 --- [user-service] [SpringApplicationShutdownHook] c.a.c.n.registry.NacosServiceRegistry    : De-registering from Nacos Server now...
23:05:35:320  INFO 13932 --- [user-service] [SpringApplicationShutdownHook] com.alibaba.nacos.client.naming          : [DEREGISTER-SERVICE] public deregistering service user-service with instance: Instance{instanceId='null', ip='100.2.20.214', port=8083, weight=1.0, healthy=true, enabled=true, ephemeral=true, clusterName='', serviceName='null', metadata={}}
23:05:35:335  INFO 13932 --- [user-service] [SpringApplicationShutdownHook] c.a.c.n.registry.NacosServiceRegistry    : De-registration finished.
23:05:35:337  INFO 13932 --- [user-service] [SpringApplicationShutdownHook] com.alibaba.nacos.client.naming          : com.alibaba.nacos.client.naming.cache.ServiceInfoHolder do shutdown begin
23:05:35:337  INFO 13932 --- [user-service] [SpringApplicationShutdownHook] com.alibaba.nacos.client.naming          : com.alibaba.nacos.client.naming.backups.FailoverReactor do shutdown begin
23:05:35:337  INFO 13932 --- [user-service] [SpringApplicationShutdownHook] com.alibaba.nacos.client.naming          : com.alibaba.nacos.client.naming.backups.FailoverReactor do shutdown stop
23:05:35:337  INFO 13932 --- [user-service] [SpringApplicationShutdownHook] com.alibaba.nacos.client.naming          : com.alibaba.nacos.client.naming.cache.ServiceInfoHolder do shutdown stop
23:05:35:337  INFO 13932 --- [user-service] [SpringApplicationShutdownHook] com.alibaba.nacos.client.naming          : com.alibaba.nacos.client.naming.remote.NamingClientProxyDelegate do shutdown begin
23:05:35:338  INFO 13932 --- [user-service] [SpringApplicationShutdownHook] com.alibaba.nacos.client.naming          : com.alibaba.nacos.client.naming.core.ServiceInfoUpdateService do shutdown begin
23:05:35:338  INFO 13932 --- [user-service] [SpringApplicationShutdownHook] com.alibaba.nacos.client.naming          : com.alibaba.nacos.client.naming.core.ServiceInfoUpdateService do shutdown stop
23:05:35:338  INFO 13932 --- [user-service] [SpringApplicationShutdownHook] com.alibaba.nacos.client.naming          : com.alibaba.nacos.client.naming.core.ServerListManager do shutdown begin
23:05:35:338  WARN 13932 --- [user-service] [SpringApplicationShutdownHook] com.alibaba.nacos.client.naming          : [NamingHttpClientManager] Start destroying NacosRestTemplate
23:05:35:338  WARN 13932 --- [user-service] [SpringApplicationShutdownHook] com.alibaba.nacos.client.naming          : [NamingHttpClientManager] Destruction of the end
23:05:35:339  INFO 13932 --- [user-service] [SpringApplicationShutdownHook] com.alibaba.nacos.client.naming          : com.alibaba.nacos.client.naming.core.ServerListManager do shutdown stop
23:05:35:339  INFO 13932 --- [user-service] [SpringApplicationShutdownHook] com.alibaba.nacos.client.naming          : com.alibaba.nacos.client.naming.remote.http.NamingHttpClientProxy do shutdown begin
23:05:35:339  WARN 13932 --- [user-service] [SpringApplicationShutdownHook] com.alibaba.nacos.client.naming          : [NamingHttpClientManager] Start destroying NacosRestTemplate
23:05:35:339  WARN 13932 --- [user-service] [SpringApplicationShutdownHook] com.alibaba.nacos.client.naming          : [NamingHttpClientManager] Destruction of the end
23:05:35:339  INFO 13932 --- [user-service] [SpringApplicationShutdownHook] com.alibaba.nacos.client.naming          : com.alibaba.nacos.client.naming.remote.http.NamingHttpClientProxy do shutdown stop
23:05:35:339  INFO 13932 --- [user-service] [SpringApplicationShutdownHook] com.alibaba.nacos.client.naming          : Shutdown naming grpc client proxy for  uuid->23ab9d35-e6a4-4fdd-9d38-fed3b65fe4fa
23:05:35:340  INFO 13932 --- [user-service] [SpringApplicationShutdownHook] com.alibaba.nacos.client.naming          : Shutdown grpc redo service executor java.util.concurrent.ScheduledThreadPoolExecutor@5de769c8[Running, pool size = 1, active threads = 0, queued tasks = 1, completed tasks = 1561]
23:05:35:341  INFO 13932 --- [user-service] [SpringApplicationShutdownHook] com.alibaba.nacos.common.remote.client   : Shutdown rpc client, set status to shutdown
23:05:35:341  INFO 13932 --- [user-service] [SpringApplicationShutdownHook] com.alibaba.nacos.common.remote.client   : Shutdown client event executor java.util.concurrent.ScheduledThreadPoolExecutor@ced7e4a[Running, pool size = 2, active threads = 2, queued tasks = 0, completed tasks = 0]
23:05:35:341  INFO 13932 --- [user-service] [SpringApplicationShutdownHook] com.alibaba.nacos.common.remote.client   : Close current connection 1780926441464_172.19.0.1_40960
23:05:35:346  INFO 13932 --- [user-service] [nacos-grpc-client-executor-localhost-948] c.a.n.c.remote.client.grpc.GrpcClient    : [1780926441464_172.19.0.1_40960]Ignore complete event,isRunning:false,isAbandon=false
23:05:35:356  INFO 13932 --- [user-service] [SpringApplicationShutdownHook] c.a.n.c.remote.client.grpc.GrpcClient    : Shutdown grpc executor java.util.concurrent.ThreadPoolExecutor@21f41593[Running, pool size = 4, active threads = 0, queued tasks = 0, completed tasks = 949]
23:05:35:357  INFO 13932 --- [user-service] [SpringApplicationShutdownHook] com.alibaba.nacos.client.naming          : shutdown and remove naming rpc client  for uuid ->23ab9d35-e6a4-4fdd-9d38-fed3b65fe4fa
23:05:35:357  INFO 13932 --- [user-service] [SpringApplicationShutdownHook] c.a.n.c.a.r.identify.CredentialWatcher   : [null] CredentialWatcher is stopped
23:05:35:357  INFO 13932 --- [user-service] [SpringApplicationShutdownHook] c.a.n.c.a.r.identify.CredentialService   : [null] CredentialService is freed
23:05:35:358  INFO 13932 --- [user-service] [SpringApplicationShutdownHook] com.alibaba.nacos.client.naming          : com.alibaba.nacos.client.naming.remote.NamingClientProxyDelegate do shutdown stop
23:05:35:365  INFO 13932 --- [user-service] [SpringApplicationShutdownHook] com.zaxxer.hikari.HikariDataSource       : HikariPool-1 - Shutdown initiated...
23:05:35:378  INFO 13932 --- [user-service] [SpringApplicationShutdownHook] com.zaxxer.hikari.HikariDataSource       : HikariPool-1 - Shutdown completed.
